SUMMARY OF JOB INFORMATION
  STEP      INC     ATT  ITRS     TOT TIME     STEP TIME      INC TIME
     1          1     1     2  0.500000E+00  0.500000E+00  0.500000E+00
     1          2     1     2  0.100000E+01  0.100000E+01  0.500000E+00
     1          3     1     2  0.150000E+01  0.150000E+01  0.500000E+00
     1          4     1     2  0.200000E+01  0.200000E+01  0.500000E+00
     1          5     1     2  0.250000E+01  0.250000E+01  0.500000E+00
     1          6     1     2  0.300000E+01  0.300000E+01  0.500000E+00
     1          7     1     2  0.350000E+01  0.350000E+01  0.500000E+00
     1          8     1     2  0.400000E+01  0.400000E+01  0.500000E+00
     1          9     1     2  0.450000E+01  0.450000E+01  0.500000E+00
     1         10     1     2  0.500000E+01  0.500000E+01  0.500000E+00
     1         11     1     2  0.550000E+01  0.550000E+01  0.500000E+00
     1         12     1     2  0.600000E+01  0.600000E+01  0.500000E+00
     1         13     1     2  0.650000E+01  0.650000E+01  0.500000E+00
     1         14     1     2  0.700000E+01  0.700000E+01  0.500000E+00
     1         15     1     2  0.710000E+01  0.710000E+01  0.100000E+00
     2          1     1     2  0.760000E+01  0.500000E+00  0.500000E+00
     2          2     1     2  0.810000E+01  0.100000E+01  0.500000E+00
     2          3     1     2  0.860000E+01  0.150000E+01  0.500000E+00
     2          4     1     2  0.910000E+01  0.200000E+01  0.500000E+00
     2          5     1     2  0.960000E+01  0.250000E+01  0.500000E+00
     2          6     1     3  0.101000E+02  0.300000E+01  0.500000E+00
     2          7     1     6  0.106000E+02  0.350000E+01  0.500000E+00
     2          8     1     5  0.111000E+02  0.400000E+01  0.500000E+00
     2          9     1     7  0.116000E+02  0.450000E+01  0.500000E+00
     2         10     1     5  0.121000E+02  0.500000E+01  0.500000E+00
     2         11     1     6  0.126000E+02  0.550000E+01  0.500000E+00
     2         12     1     6  0.131000E+02  0.600000E+01  0.500000E+00
     2         13     1     6  0.136000E+02  0.650000E+01  0.500000E+00
     2         14     1     5  0.141000E+02  0.700000E+01  0.500000E+00
     2         15     1     7  0.146000E+02  0.750000E+01  0.500000E+00
     2         16     1     6  0.151000E+02  0.800000E+01  0.500000E+00
     2         17     1     7  0.156000E+02  0.850000E+01  0.500000E+00
     2         18     1     6  0.161000E+02  0.900000E+01  0.500000E+00
     2         19     1     6  0.166000E+02  0.950000E+01  0.500000E+00
     2         20     1     5  0.171000E+02  0.100000E+02  0.500000E+00
