SUMMARY OF JOB INFORMATION
  STEP      INC     ATT  ITRS     TOT TIME     STEP TIME      INC TIME
     1          1     1     2  0.500000E+00  0.500000E+00  0.500000E+00
     1          2     1     2  0.100000E+01  0.100000E+01  0.500000E+00
     1          3     1     2  0.150000E+01  0.150000E+01  0.500000E+00
     1          4     1     2  0.200000E+01  0.200000E+01  0.500000E+00
     1          5     1     2  0.250000E+01  0.250000E+01  0.500000E+00
     1          6     1     2  0.300000E+01  0.300000E+01  0.500000E+00
     1          7     1     2  0.350000E+01  0.350000E+01  0.500000E+00
     1          8     1     2  0.400000E+01  0.400000E+01  0.500000E+00
     1          9     1     2  0.450000E+01  0.450000E+01  0.500000E+00
     1         10     1     2  0.500000E+01  0.500000E+01  0.500000E+00
     1         11     1     2  0.550000E+01  0.550000E+01  0.500000E+00
     1         12     1     2  0.600000E+01  0.600000E+01  0.500000E+00
     1         13     1     2  0.650000E+01  0.650000E+01  0.500000E+00
     1         14     1     2  0.700000E+01  0.700000E+01  0.500000E+00
     1         15     1     2  0.750000E+01  0.750000E+01  0.500000E+00
     1         16     1     2  0.790000E+01  0.790000E+01  0.400000E+00
     2          1     1     2  0.840000E+01  0.500000E+00  0.500000E+00
     2          2     1     2  0.890000E+01  0.100000E+01  0.500000E+00
     2          3     1     2  0.940000E+01  0.150000E+01  0.500000E+00
     2          4     1     2  0.990000E+01  0.200000E+01  0.500000E+00
     2          5     1     4  0.104000E+02  0.250000E+01  0.500000E+00
     2          6     1     5  0.109000E+02  0.300000E+01  0.500000E+00
     2          7     1     5  0.114000E+02  0.350000E+01  0.500000E+00
     2          8     1     6  0.119000E+02  0.400000E+01  0.500000E+00
     2          9     1     5  0.124000E+02  0.450000E+01  0.500000E+00
     2         10     1     5  0.129000E+02  0.500000E+01  0.500000E+00
     2         11     1     5  0.134000E+02  0.550000E+01  0.500000E+00
     2         12     1     4  0.139000E+02  0.600000E+01  0.500000E+00
     2         13     1     5  0.144000E+02  0.650000E+01  0.500000E+00
     2         14     1     6  0.149000E+02  0.700000E+01  0.500000E+00
     2         15     1     7  0.154000E+02  0.750000E+01  0.500000E+00
     2         16     1     5  0.159000E+02  0.800000E+01  0.500000E+00
     2         17     1     5  0.164000E+02  0.850000E+01  0.500000E+00
     2         18     1     5  0.169000E+02  0.900000E+01  0.500000E+00
     2         19     1     5  0.174000E+02  0.950000E+01  0.500000E+00
     2         20     1     4  0.179000E+02  0.100000E+02  0.500000E+00
