SUMMARY OF C0NVERGENCE INFORMATION
  STEP   INC  ATT   ITER     CONT.   RESID.        CORR.      RESID.      CORR.
                              EL.    FORCE         DISP       FLUX        TEMP.
                              (#)     (%)           (%)        (%)         (%)
     1     1     1     1        0  0.9291E+02  0.1000E+03  0.0000E+00  0.0000E+00
     1     1     1     2        0  0.6503E-03  0.1825E-01  0.0000E+00  0.0000E+00
     1     2     1     1        0  0.1779E-02  0.3690E-01  0.0000E+00  0.0000E+00
     1     2     1     2        0  0.0000E+00  0.2045E-02  0.0000E+00  0.0000E+00
     1     3     1     1        0  0.1300E-02  0.3734E-01  0.0000E+00  0.0000E+00
     1     3     1     2        0  0.0000E+00  0.2041E-02  0.0000E+00  0.0000E+00
     1     4     1     1        0  0.1124E-02  0.3802E-01  0.0000E+00  0.0000E+00
     1     4     1     2        0  0.0000E+00  0.2158E-02  0.0000E+00  0.0000E+00
     1     5     1     1        0  0.9888E-03  0.3865E-01  0.0000E+00  0.0000E+00
     1     5     1     2        0  0.0000E+00  0.2252E-02  0.0000E+00  0.0000E+00
     1     6     1     1        0  0.9022E-03  0.3930E-01  0.0000E+00  0.0000E+00
     1     6     1     2        0  0.0000E+00  0.2351E-02  0.0000E+00  0.0000E+00
     1     7     1     1        0  0.8515E-03  0.3996E-01  0.0000E+00  0.0000E+00
     1     7     1     2        0  0.0000E+00  0.2456E-02  0.0000E+00  0.0000E+00
     1     8     1     1        0  0.8165E-03  0.4063E-01  0.0000E+00  0.0000E+00
     1     8     1     2        0  0.0000E+00  0.2568E-02  0.0000E+00  0.0000E+00
     1     9     1     1        0  0.7928E-03  0.4132E-01  0.0000E+00  0.0000E+00
     1     9     1     2        0  0.0000E+00  0.2687E-02  0.0000E+00  0.0000E+00
     1    10     1     1        0  0.7776E-03  0.4202E-01  0.0000E+00  0.0000E+00
     1    10     1     2        0  0.0000E+00  0.2814E-02  0.0000E+00  0.0000E+00
     1    11     1     1        0  0.7691E-03  0.4274E-01  0.0000E+00  0.0000E+00
     1    11     1     2        0  0.0000E+00  0.2949E-02  0.0000E+00  0.0000E+00
     1    12     1     1        0  0.7659E-03  0.4347E-01  0.0000E+00  0.0000E+00
     1    12     1     2        0  0.0000E+00  0.3093E-02  0.0000E+00  0.0000E+00
     1    13     1     1        0  0.7674E-03  0.4422E-01  0.0000E+00  0.0000E+00
     1    13     1     2        0  0.0000E+00  0.3246E-02  0.0000E+00  0.0000E+00
     1    14     1     1        0  0.7728E-03  0.4499E-01  0.0000E+00  0.0000E+00
     1    14     1     2        0  0.0000E+00  0.3411E-02  0.0000E+00  0.0000E+00
     1    15     1     1        0  0.7818E-03  0.4577E-01  0.0000E+00  0.0000E+00
     1    15     1     2        0  0.0000E+00  0.3586E-02  0.0000E+00  0.0000E+00
     1    16     1     1        0  0.4261E-03  0.4318E-01  0.0000E+00  0.0000E+00
     1    16     1     2        0  0.0000E+00  0.2485E-02  0.0000E+00  0.0000E+00
     2     1     1     1        0  0.1830E+03  0.1000E+03  0.0000E+00  0.0000E+00
     2     1     1     2        0  0.3174E-01  0.5944E+00  0.0000E+00  0.0000E+00
     2     2     1     1        0  0.8717E-01  0.7540E+00  0.0000E+00  0.0000E+00
     2     2     1     2        0  0.5162E-03  0.6106E-01  0.0000E+00  0.0000E+00
     2     3     1     1        0  0.1286E-01  0.3055E+00  0.0000E+00  0.0000E+00
     2     3     1     2        0  0.9332E-04  0.2710E-01  0.0000E+00  0.0000E+00
     2     4     1     1        0  0.4910E-03  0.5473E-01  0.0000E+00  0.0000E+00
     2     4     1     2        0  0.0000E+00  0.4674E-02  0.0000E+00  0.0000E+00
     2     5     1     1     1106  0.5229E-03  0.5704E-01  0.0000E+00  0.0000E+00
     2     5     1     2     1123  0.8509E-03  0.3213E-01  0.0000E+00  0.0000E+00
     2     5     1     3     1126  0.0000E+00  0.1977E-03  0.0000E+00  0.0000E+00
     2     5     1     4     1125  0.0000E+00  0.1269E-06  0.0000E+00  0.0000E+00
     2     6     1     1     3250  0.1688E+00  0.1366E+01  0.0000E+00  0.0000E+00
     2     6     1     2     4019  0.4933E+00  0.1239E+01  0.0000E+00  0.0000E+00
     2     6     1     3     3947  0.6795E-01  0.1920E+00  0.0000E+00  0.0000E+00
     2     6     1     4     3939  0.8398E-02  0.2412E-01  0.0000E+00  0.0000E+00
     2     6     1     5     3938  0.1018E-02  0.2921E-02  0.0000E+00  0.0000E+00
     2     7     1     1     5330  0.3019E+00  0.1289E+01  0.0000E+00  0.0000E+00
     2     7     1     2     6568  0.4719E+00  0.1687E+01  0.0000E+00  0.0000E+00
     2     7     1     3     6399  0.8767E-01  0.2039E+00  0.0000E+00  0.0000E+00
     2     7     1     4     6388  0.1494E-01  0.3484E-01  0.0000E+00  0.0000E+00
     2     7     1     5     6382  0.2547E-02  0.5832E-02  0.0000E+00  0.0000E+00
     2     8     1     1     8084  0.1527E+00  0.6340E+00  0.0000E+00  0.0000E+00
     2     8     1     2     9574  0.3173E+00  0.1219E+01  0.0000E+00  0.0000E+00
     2     8     1     3     9445  0.6792E-01  0.1758E+00  0.0000E+00  0.0000E+00
     2     8     1     4     9424  0.1317E-01  0.3183E-01  0.0000E+00  0.0000E+00
     2     8     1     5     9402  0.2555E-02  0.6016E-02  0.0000E+00  0.0000E+00
     2     8     1     6     9409  0.4981E-03  0.1154E-02  0.0000E+00  0.0000E+00
     2     9     1     1    11174  0.1984E+00  0.1002E+01  0.0000E+00  0.0000E+00
     2     9     1     2    12735  0.3116E+00  0.1235E+01  0.0000E+00  0.0000E+00
     2     9     1     3    12656  0.6629E-01  0.1491E+00  0.0000E+00  0.0000E+00
     2     9     1     4    12610  0.1456E-01  0.3052E-01  0.0000E+00  0.0000E+00
     2     9     1     5    12620  0.3142E-02  0.6760E-02  0.0000E+00  0.0000E+00
     2    10     1     1    14906  0.7828E-01  0.7381E+00  0.0000E+00  0.0000E+00
     2    10     1     2    16435  0.2955E+00  0.9642E+00  0.0000E+00  0.0000E+00
     2    10     1     3    16262  0.6137E-01  0.1722E+00  0.0000E+00  0.0000E+00
     2    10     1     4    16214  0.1408E-01  0.4179E-01  0.0000E+00  0.0000E+00
     2    10     1     5    16224  0.3209E-02  0.9558E-02  0.0000E+00  0.0000E+00
     2    11     1     1    19049  0.3124E+00  0.2472E+01  0.0000E+00  0.0000E+00
     2    11     1     2    21349  0.2486E+00  0.9857E+00  0.0000E+00  0.0000E+00
     2    11     1     3    21235  0.5250E-01  0.1184E+00  0.0000E+00  0.0000E+00
     2    11     1     4    21197  0.1193E-01  0.3044E-01  0.0000E+00  0.0000E+00
     2    11     1     5    21200  0.2739E-02  0.7224E-02  0.0000E+00  0.0000E+00
     2    12     1     1    27118  0.2464E+00  0.1077E+01  0.0000E+00  0.0000E+00
     2    12     1     2    29355  0.2893E+00  0.5263E+00  0.0000E+00  0.0000E+00
     2    12     1     3    29162  0.6136E-01  0.1754E+00  0.0000E+00  0.0000E+00
     2    12     1     4    29144  0.1386E-01  0.3542E-01  0.0000E+00  0.0000E+00
     2    13     1     1    40246  0.5921E+00  0.2812E+01  0.0000E+00  0.0000E+00
     2    13     1     2    44024  0.3967E+00  0.9006E+00  0.0000E+00  0.0000E+00
     2    13     1     3    43389  0.1021E+00  0.2476E+00  0.0000E+00  0.0000E+00
     2    13     1     4    43275  0.2209E-01  0.5257E-01  0.0000E+00  0.0000E+00
     2    13     1     5    43269  0.5024E-02  0.1064E-01  0.0000E+00  0.0000E+00
     2    14     1     1    70866  0.9475E+00  0.3776E+01  0.0000E+00  0.0000E+00
     2    14     1     2    81744  0.1805E+01  0.2903E+01  0.0000E+00  0.0000E+00
     2    14     1     3    79504  0.4605E+00  0.1409E+01  0.0000E+00  0.0000E+00
     2    14     1     4    78972  0.1396E+00  0.4916E+00  0.0000E+00  0.0000E+00
     2    14     1     5    78774  0.3961E-01  0.1492E+00  0.0000E+00  0.0000E+00
     2    14     1     6    78696  0.1124E-01  0.4364E-01  0.0000E+00  0.0000E+00
     2    15     1     1    98316  0.3404E+01  0.6467E+01  0.0000E+00  0.0000E+00
     2    15     1     2   113861  0.1380E+01  0.6201E+01  0.0000E+00  0.0000E+00
     2    15     1     3   110437  0.4469E+00  0.1401E+01  0.0000E+00  0.0000E+00
     2    15     1     4   109279  0.1231E+00  0.3766E+00  0.0000E+00  0.0000E+00
     2    15     1     5   108954  0.3308E-01  0.1086E+00  0.0000E+00  0.0000E+00
     2    15     1     6   108807  0.8754E-02  0.3107E-01  0.0000E+00  0.0000E+00
     2    15     1     7   108798  0.2315E-02  0.8413E-02  0.0000E+00  0.0000E+00
     2    16     1     1   115362  0.6781E+00  0.2297E+01  0.0000E+00  0.0000E+00
     2    16     1     2   129006  0.5944E+00  0.1879E+01  0.0000E+00  0.0000E+00
     2    16     1     3   127613  0.1604E+00  0.5025E+00  0.0000E+00  0.0000E+00
     2    16     1     4   126961  0.4677E-01  0.1783E+00  0.0000E+00  0.0000E+00
     2    16     1     5   126839  0.1422E-01  0.6091E-01  0.0000E+00  0.0000E+00
     2    17     1     1   126736  0.1515E+01  0.5135E+01  0.0000E+00  0.0000E+00
     2    17     1     2   135164  0.4615E+00  0.1292E+01  0.0000E+00  0.0000E+00
     2    17     1     3   134390  0.1055E+00  0.3597E+00  0.0000E+00  0.0000E+00
     2    17     1     4   134178  0.2516E-01  0.1195E+00  0.0000E+00  0.0000E+00
     2    17     1     5   134116  0.6220E-02  0.3875E-01  0.0000E+00  0.0000E+00
     2    18     1     1   136054  0.1316E+01  0.4320E+01  0.0000E+00  0.0000E+00
     2    18     1     2   144396  0.6277E+00  0.1221E+01  0.0000E+00  0.0000E+00
     2    18     1     3   143755  0.1028E+00  0.3710E+00  0.0000E+00  0.0000E+00
     2    18     1     4   143550  0.2426E-01  0.1087E+00  0.0000E+00  0.0000E+00
     2    18     1     5   143587  0.6142E-02  0.3319E-01  0.0000E+00  0.0000E+00
     2    19     1     1   147099  0.5714E+01  0.1122E+02  0.0000E+00  0.0000E+00
     2    19     1     2   155487  0.6978E+00  0.1949E+01  0.0000E+00  0.0000E+00
     2    19     1     3   154979  0.1252E+00  0.4689E+00  0.0000E+00  0.0000E+00
     2    19     1     4   154786  0.2576E-01  0.1065E+00  0.0000E+00  0.0000E+00
     2    19     1     5   154874  0.5712E-02  0.2666E-01  0.0000E+00  0.0000E+00
     2    20     1     1   153519  0.5485E+01  0.1040E+02  0.0000E+00  0.0000E+00
     2    20     1     2   162396  0.7187E+00  0.2523E+01  0.0000E+00  0.0000E+00
     2    20     1     3   161901  0.1687E+00  0.5708E+00  0.0000E+00  0.0000E+00
     2    20     1     4   161799  0.3620E-01  0.1477E+00  0.0000E+00  0.0000E+00
