SUMMARY OF C0NVERGENCE INFORMATION
  STEP   INC  ATT   ITER     CONT.   RESID.        CORR.      RESID.      CORR.
                              EL.    FORCE         DISP       FLUX        TEMP.
                              (#)     (%)           (%)        (%)         (%)
     1     1     1     1        0  0.4776E+02  0.1000E+03  0.0000E+00  0.0000E+00
     1     1     1     2        0  0.2929E-03  0.1358E-01  0.0000E+00  0.0000E+00
     1     2     1     1        0  0.7834E-03  0.2715E-01  0.0000E+00  0.0000E+00
     1     2     1     2        0  0.0000E+00  0.1438E-02  0.0000E+00  0.0000E+00
     1     3     1     1        0  0.1698E-02  0.3132E-01  0.0000E+00  0.0000E+00
     1     3     1     2        0  0.0000E+00  0.3159E-02  0.0000E+00  0.0000E+00
     1     4     1     1        0  0.3894E-02  0.4452E-01  0.0000E+00  0.0000E+00
     1     4     1     2        0  0.1145E-03  0.7867E-02  0.0000E+00  0.0000E+00
     1     5     1     1        0  0.3804E-02  0.5261E-01  0.0000E+00  0.0000E+00
     1     5     1     2        0  0.1504E-03  0.1026E-01  0.0000E+00  0.0000E+00
     1     6     1     1        0  0.3085E-02  0.5481E-01  0.0000E+00  0.0000E+00
     1     6     1     2        0  0.1279E-03  0.1049E-01  0.0000E+00  0.0000E+00
     1     7     1     1        0  0.2592E-02  0.5745E-01  0.0000E+00  0.0000E+00
     1     7     1     2        0  0.1126E-03  0.1074E-01  0.0000E+00  0.0000E+00
     1     8     1     1        0  0.2246E-02  0.6010E-01  0.0000E+00  0.0000E+00
     1     8     1     2        0  0.1020E-03  0.1098E-01  0.0000E+00  0.0000E+00
     1     9     1     1        0  0.1982E-02  0.6275E-01  0.0000E+00  0.0000E+00
     1     9     1     2        0  0.9524E-04  0.1124E-01  0.0000E+00  0.0000E+00
     1    10     1     1        0  0.1776E-02  0.6539E-01  0.0000E+00  0.0000E+00
     1    10     1     2        0  0.9155E-04  0.1150E-01  0.0000E+00  0.0000E+00
     1    11     1     1        0  0.1610E-02  0.6800E-01  0.0000E+00  0.0000E+00
     1    11     1     2        0  0.8965E-04  0.1179E-01  0.0000E+00  0.0000E+00
     1    12     1     1        0  0.4669E-04  0.4286E-01  0.0000E+00  0.0000E+00
     1    12     1     2        0  0.0000E+00  0.1450E-02  0.0000E+00  0.0000E+00
     2     1     1     1        0  0.1963E+02  0.1000E+03  0.0000E+00  0.0000E+00
     2     1     1     2        0  0.7273E-03  0.5800E+00  0.0000E+00  0.0000E+00
     2     2     1     1        0  0.1558E-03  0.2347E+00  0.0000E+00  0.0000E+00
     2     2     1     2        0  0.0000E+00  0.6837E-03  0.0000E+00  0.0000E+00
     2     3     1     1        0  0.7323E-04  0.1079E+00  0.0000E+00  0.0000E+00
     2     3     1     2        0  0.0000E+00  0.6110E-03  0.0000E+00  0.0000E+00
     2     4     1     1        0  0.0000E+00  0.1330E-01  0.0000E+00  0.0000E+00
     2     4     1     2        0  0.0000E+00  0.1275E-03  0.0000E+00  0.0000E+00
     2     5     1     1        0  0.9041E-05  0.2017E-01  0.0000E+00  0.0000E+00
     2     5     1     2        0  0.0000E+00  0.4316E-03  0.0000E+00  0.0000E+00
     2     6     1     1        0  0.4170E-04  0.3052E-01  0.0000E+00  0.0000E+00
     2     6     1     2        0  0.0000E+00  0.1410E-02  0.0000E+00  0.0000E+00
     2     7     1     1        0  0.5787E-04  0.3709E-01  0.0000E+00  0.0000E+00
     2     7     1     2        0  0.0000E+00  0.2050E-02  0.0000E+00  0.0000E+00
     2     8     1     1        0  0.5721E-04  0.3778E-01  0.0000E+00  0.0000E+00
     2     8     1     2        0  0.0000E+00  0.2123E-02  0.0000E+00  0.0000E+00
     2     9     1     1        0  0.5737E-04  0.3847E-01  0.0000E+00  0.0000E+00
     2     9     1     2        0  0.0000E+00  0.2200E-02  0.0000E+00  0.0000E+00
     2    10     1     1        0  0.5756E-04  0.3915E-01  0.0000E+00  0.0000E+00
     2    10     1     2        0  0.0000E+00  0.2281E-02  0.0000E+00  0.0000E+00
     2    11     1     1        0  0.5806E-04  0.3982E-01  0.0000E+00  0.0000E+00
     2    11     1     2        0  0.0000E+00  0.2367E-02  0.0000E+00  0.0000E+00
     2    12     1     1        0  0.5873E-04  0.4048E-01  0.0000E+00  0.0000E+00
     2    12     1     2        0  0.0000E+00  0.2459E-02  0.0000E+00  0.0000E+00
     2    13     1     1     5650  0.6250E-04  0.4113E-01  0.0000E+00  0.0000E+00
     2    13     1     2     5742  0.0000E+00  0.2556E-02  0.0000E+00  0.0000E+00
     2    13     1     3     5739  0.0000E+00  0.3591E-08  0.0000E+00  0.0000E+00
     2    14     1     1    26170  0.6836E-04  0.4177E-01  0.0000E+00  0.0000E+00
     2    14     1     2    26326  0.0000E+00  0.2659E-02  0.0000E+00  0.0000E+00
     2    14     1     3    26338  0.0000E+00  0.4050E-08  0.0000E+00  0.0000E+00
     2    15     1     1    56278  0.7504E-04  0.4239E-01  0.0000E+00  0.0000E+00
     2    15     1     2    59059  0.2373E+01  0.4119E+01  0.0000E+00  0.0000E+00
     2    15     1     3    57679  0.1048E+01  0.1437E+01  0.0000E+00  0.0000E+00
     2    15     1     4    57088  0.4292E+00  0.6546E+00  0.0000E+00  0.0000E+00
     2    15     1     5    57052  0.9037E-01  0.1395E+00  0.0000E+00  0.0000E+00
     2    16     1     1    85781  0.6584E+02  0.6769E+02  0.0000E+00  0.0000E+00
     2    16     1     2    89422  0.1006E+02  0.2341E+02  0.0000E+00  0.0000E+00
     2    16     1     3    93290  0.1528E+02  0.8339E+01  0.0000E+00  0.0000E+00
     2    16     1     4    91363  0.5142E+01  0.4483E+01  0.0000E+00  0.0000E+00
     2    16     1     5    90362  0.1959E+01  0.2819E+01  0.0000E+00  0.0000E+00
     2    16     1     6    90061  0.5321E+00  0.1213E+01  0.0000E+00  0.0000E+00
     2    16     1     7    89893  0.1262E+00  0.4402E+00  0.0000E+00  0.0000E+00
     2    16     1     8    89859  0.2550E-01  0.1119E+00  0.0000E+00  0.0000E+00
     2    17     1     1   113427  0.5174E+02  0.1651E+02  0.0000E+00  0.0000E+00
     2    17     1     2   126271  0.3843E+02  0.1754E+02  0.0000E+00  0.0000E+00
     2    17     1     3   124042  0.1431E+02  0.1494E+02  0.0000E+00  0.0000E+00
     2    17     1     4   120868  0.7054E+01  0.7826E+01  0.0000E+00  0.0000E+00
     2    17     1     5   119148  0.2295E+01  0.2696E+01  0.0000E+00  0.0000E+00
     2    17     1     6   118631  0.7489E+00  0.8846E+00  0.0000E+00  0.0000E+00
     2    17     1     7   118422  0.2417E+00  0.2921E+00  0.0000E+00  0.0000E+00
     2    17     1     8   118381  0.6979E-01  0.8291E-01  0.0000E+00  0.0000E+00
     2    18     1     1   120656  0.3638E+01  0.3795E+01  0.0000E+00  0.0000E+00
     2    18     1     2   135433  0.2710E+02  0.5048E+02  0.0000E+00  0.0000E+00
     2    18     1     3   132709  0.1576E+02  0.1772E+02  0.0000E+00  0.0000E+00
     2    18     1     4   129241  0.7252E+01  0.1255E+02  0.0000E+00  0.0000E+00
     2    18     1     5   127586  0.7032E+01  0.1371E+02  0.0000E+00  0.0000E+00
     2    18     1     6   127419  0.1184E+01  0.4867E+01  0.0000E+00  0.0000E+00
     2    18     1     7   127237  0.4342E+00  0.2019E+01  0.0000E+00  0.0000E+00
     2    18     1     8   127104  0.1285E+00  0.6608E+00  0.0000E+00  0.0000E+00
     2    18     1     9   127050  0.5263E-01  0.1962E+00  0.0000E+00  0.0000E+00
     2    19     1     1   130613  0.1232E+02  0.1871E+02  0.0000E+00  0.0000E+00
     2    19     1     2   141135  0.2274E+02  0.2196E+02  0.0000E+00  0.0000E+00
     2    19     1     3   138867  0.6537E+01  0.5293E+01  0.0000E+00  0.0000E+00
     2    19     1     4   137028  0.6920E+01  0.1271E+02  0.0000E+00  0.0000E+00
     2    19     1     5   136965  0.1997E+01  0.2830E+01  0.0000E+00  0.0000E+00
     2    19     1     6   136713  0.7498E+00  0.1371E+01  0.0000E+00  0.0000E+00
     2    19     1     7   136779  0.2343E+00  0.2994E+00  0.0000E+00  0.0000E+00
     2    20     1     1   149189  0.1375E+03  0.3113E+02  0.0000E+00  0.0000E+00
     2    20     1     2   163235  0.6643E+02  0.1045E+02  0.0000E+00  0.0000E+00
     2    20     1     3   160632  0.2380E+02  0.7699E+01  0.0000E+00  0.0000E+00
     2    20     1     4   158159  0.1321E+02  0.6702E+01  0.0000E+00  0.0000E+00
     2    20     1     5   156741  0.9361E+01  0.4955E+01  0.0000E+00  0.0000E+00
     2    20     1     6   155993  0.6358E+01  0.3162E+01  0.0000E+00  0.0000E+00
     2    20     1     7   155602  0.3107E+01  0.1693E+01  0.0000E+00  0.0000E+00
     2    20     1     8   155526  0.1355E+01  0.8125E+00  0.0000E+00  0.0000E+00
     2    20     1     9   155409  0.5026E+00  0.3507E+00  0.0000E+00  0.0000E+00
     2    20     1    10   155373  0.1843E+00  0.1372E+00  0.0000E+00  0.0000E+00
     2    21     1     1   156204  0.6097E+01  0.3544E+01  0.0000E+00  0.0000E+00
     2    21     1     2   167280  0.5284E+02  0.6135E+02  0.0000E+00  0.0000E+00
     2    21     1     3   169857  0.2760E+02  0.1915E+02  0.0000E+00  0.0000E+00
     2    21     1     4   170755  0.1800E+02  0.1623E+02  0.0000E+00  0.0000E+00
     2    21     1     5   168483  0.1232E+02  0.1505E+02  0.0000E+00  0.0000E+00
     2    21     1     6   166212  0.4212E+01  0.6096E+01  0.0000E+00  0.0000E+00
     2    21     1     7   164619  0.1849E+01  0.2407E+01  0.0000E+00  0.0000E+00
     2    21     1     8   163806  0.7719E+00  0.8547E+00  0.0000E+00  0.0000E+00
     2    21     1     9   163458  0.3592E+00  0.3616E+00  0.0000E+00  0.0000E+00
     2    21     1    10   163322  0.1992E+00  0.1893E+00  0.0000E+00  0.0000E+00
     2    22     1     1   171494  0.3217E+02  0.1869E+02  0.0000E+00  0.0000E+00
     2    22     1     2   188566  0.2390E+03  0.3214E+02  0.0000E+00  0.0000E+00
     2    22     1     3   185899  0.8334E+02  0.1170E+02  0.0000E+00  0.0000E+00
     2    22     1     4   182582  0.3449E+02  0.8418E+01  0.0000E+00  0.0000E+00
     2    22     1     5   180568  0.1242E+02  0.4786E+01  0.0000E+00  0.0000E+00
     2    22     1     6   179640  0.4362E+01  0.2193E+01  0.0000E+00  0.0000E+00
     2    22     1     7   179194  0.1316E+01  0.8676E+00  0.0000E+00  0.0000E+00
     2    22     1     8   179126  0.5025E+00  0.3113E+00  0.0000E+00  0.0000E+00
     2    22     1     9   179030  0.2159E+00  0.1219E+00  0.0000E+00  0.0000E+00
     2    23     1     1   185083  0.3075E+02  0.8369E+01  0.0000E+00  0.0000E+00
     2    23     1     2   194788  0.3564E+02  0.8163E+01  0.0000E+00  0.0000E+00
     2    23     1     3   194242  0.1394E+02  0.2161E+01  0.0000E+00  0.0000E+00
     2    23     1     4   193950  0.4260E+01  0.7563E+00  0.0000E+00  0.0000E+00
     2    23     1     5   193837  0.1355E+01  0.2056E+00  0.0000E+00  0.0000E+00
     2    23     1     6   193747  0.3960E+00  0.5279E-01  0.0000E+00  0.0000E+00
     2    24     1     1   202667  0.1356E+02  0.5248E+02  0.0000E+00  0.0000E+00
     2    24     1     2   203414  0.2945E+01  0.1554E+02  0.0000E+00  0.0000E+00
     2    24     1     3   202507  0.7848E+00  0.3473E+01  0.0000E+00  0.0000E+00
     2    24     1     4   202401  0.3291E+00  0.1600E+01  0.0000E+00  0.0000E+00
