SUMMARY OF C0NVERGENCE INFORMATION
  STEP   INC  ATT   ITER     CONT.   RESID.        CORR.      RESID.      CORR.
                              EL.    FORCE         DISP       FLUX        TEMP.
                              (#)     (%)           (%)        (%)         (%)
     1     1     1     1     2713  0.4116E+07  0.1000E+03  0.0000E+00  0.0000E+00
     1     1     1     2     1114  0.3094E+07  0.3382E+02  0.0000E+00  0.0000E+00
     1     1     1     3     1157  0.2923E+07  0.2247E+02  0.0000E+00  0.0000E+00
     1     1     1     4     1176  0.3474E+07  0.1000E+03  0.0000E+00  0.0000E+00
     1     1     1     5     1193  0.3471E+07  0.8798E+01  0.0000E+00  0.0000E+00
     1     1     1     6     1237  0.3449E+07  0.5752E+01  0.0000E+00  0.0000E+00
     1     1     1     7     1295  0.3303E+07  0.3706E+01  0.0000E+00  0.0000E+00
     1     1     1     8     1308  0.2793E+07  0.2417E+01  0.0000E+00  0.0000E+00
     1     1     1     9     1316  0.1774E+07  0.1880E+01  0.0000E+00  0.0000E+00
     1     1     1    10     1337  0.1250E+07  0.2484E+01  0.0000E+00  0.0000E+00
     1     1     1    11     1342  0.1082E+07  0.4608E+01  0.0000E+00  0.0000E+00
     1     1     1    12     1402  0.3630E+07  0.4872E+02  0.0000E+00  0.0000E+00
     1     1     1    13     1344  0.3481E+07  0.3817E+01  0.0000E+00  0.0000E+00
     1     1     1    14     1364  0.1862E+07  0.5757E+02  0.0000E+00  0.0000E+00
     1     1     1    15     1327  0.1629E+07  0.5106E+01  0.0000E+00  0.0000E+00
     1     1     1    16     1328  0.1349E+07  0.3828E+01  0.0000E+00  0.0000E+00
     1     1     1    17     1339  0.1076E+07  0.5387E+01  0.0000E+00  0.0000E+00
     1     1     1    18     1361  0.1009E+07  0.6664E+01  0.0000E+00  0.0000E+00
     1     1     1    19     1357  0.8211E+06  0.2464E+01  0.0000E+00  0.0000E+00
     1     1     1    20     1369  0.2837E+07  0.1800E+02  0.0000E+00  0.0000E+00
     1     1     1    21     1380  0.9504E+06  0.4311E+02  0.0000E+00  0.0000E+00
     1     1     1    22     1365  0.7324E+06  0.1227E+02  0.0000E+00  0.0000E+00
     1     1     1    23     1342  0.8415E+06  0.5432E+01  0.0000E+00  0.0000E+00
     1     1     1    24     1339  0.6526E+07  0.1000E+03  0.0000E+00  0.0000E+00
     1     1     1    25     1353  0.6257E+07  0.8722E+01  0.0000E+00  0.0000E+00
     1     1     1    26     1364  0.8582E+06  0.1000E+03  0.0000E+00  0.0000E+00
     1     1     1    27     1399  0.8430E+06  0.7793E+01  0.0000E+00  0.0000E+00
     1     1     1    28     1386  0.6487E+06  0.9074E+01  0.0000E+00  0.0000E+00
     1     1     1    29     1374  0.2034E+07  0.6968E+02  0.0000E+00  0.0000E+00
     1     1     1    30     1385  0.1896E+07  0.7307E+01  0.0000E+00  0.0000E+00
     1     1     1    31     1390  0.1607E+07  0.3970E+01  0.0000E+00  0.0000E+00
     1     1     1    32     1396  0.1535E+07  0.7867E+01  0.0000E+00  0.0000E+00
     1     1     1    33     1400  0.2832E+07  0.1000E+03  0.0000E+00  0.0000E+00
     1     1     1    34     1388  0.2827E+07  0.8475E+01  0.0000E+00  0.0000E+00
     1     1     2     1     2713  0.9796E+06  0.1000E+03  0.0000E+00  0.0000E+00
     1     1     2     2     1108  0.4450E+06  0.1768E+02  0.0000E+00  0.0000E+00
     1     1     2     3     1107  0.7647E+05  0.8769E+01  0.0000E+00  0.0000E+00
     1     1     2     4     1107  0.5586E+04  0.1689E+01  0.0000E+00  0.0000E+00
     1     1     2     5     1044  0.3751E+03  0.6349E-01  0.0000E+00  0.0000E+00
     1     1     2     6     1016  0.3375E+02  0.8314E-02  0.0000E+00  0.0000E+00
     1     1     2     7      974  0.1437E+01  0.3865E-03  0.0000E+00  0.0000E+00
     1     1     2     8      989  0.1425E+00  0.3260E-04  0.0000E+00  0.0000E+00
     1     1     2     9      978  0.5828E-02  0.1559E-05  0.0000E+00  0.0000E+00
     1     1     2    10      989  0.6472E-03  0.1342E-06  0.0000E+00  0.0000E+00
     1     1     2    11      974  0.0000E+00  0.6733E-08  0.0000E+00  0.0000E+00
     1     1     2    12      995  0.0000E+00  0.7105E-09  0.0000E+00  0.0000E+00
     1     1     2    13      992  0.0000E+00  0.3393E-10  0.0000E+00  0.0000E+00
     1     1     2    14      987  0.0000E+00  0.3264E-11  0.0000E+00  0.0000E+00
     1     1     2    15      996  0.0000E+00  0.5730E-12  0.0000E+00  0.0000E+00
     1     1     2    16      995  0.0000E+00  0.4121E-12  0.0000E+00  0.0000E+00
     1     1     2    17      995  0.0000E+00  0.4842E-12  0.0000E+00  0.0000E+00
     1     1     2    18      995  0.6621E+01  0.2610E-04  0.0000E+00  0.0000E+00
     1     1     2    19      985  0.8659E+01  0.8985E-04  0.0000E+00  0.0000E+00
     1     1     2    20     1026  0.1116E+02  0.5237E-03  0.0000E+00  0.0000E+00
     1     1     2    21     1036  0.1281E+02  0.5316E-04  0.0000E+00  0.0000E+00
     1     1     2    22     1073  0.1489E+02  0.6505E-04  0.0000E+00  0.0000E+00
     1     1     2    23     1064  0.1708E+02  0.3079E-03  0.0000E+00  0.0000E+00
     1     1     2    24     1067  0.2062E+02  0.8400E-03  0.0000E+00  0.0000E+00
     1     1     2    25     1107  0.3040E+02  0.5180E-03  0.0000E+00  0.0000E+00
     1     1     2    26     1115  0.4345E+02  0.8918E-03  0.0000E+00  0.0000E+00
     1     1     2    27     1147  0.6348E+02  0.2205E-02  0.0000E+00  0.0000E+00
     1     1     2    28     1170  0.1112E+03  0.2157E-02  0.0000E+00  0.0000E+00
     1     1     2    29     1189  0.2446E+03  0.4601E-02  0.0000E+00  0.0000E+00
     1     1     2    30     1218  0.6221E+03  0.1272E-01  0.0000E+00  0.0000E+00
     1     1     2    31     1228  0.1500E+04  0.3036E-01  0.0000E+00  0.0000E+00
     1     1     2    32     1230  0.5106E+04  0.1284E+00  0.0000E+00  0.0000E+00
     1     1     2    33     1252  0.1558E+05  0.3759E+00  0.0000E+00  0.0000E+00
     1     1     2    34     1327  0.5122E+05  0.1314E+01  0.0000E+00  0.0000E+00
     1     1     2    35     1310  0.1250E+06  0.3021E+01  0.0000E+00  0.0000E+00
     1     1     2    36     1307  0.3647E+06  0.1211E+02  0.0000E+00  0.0000E+00
     1     1     2    37     1296  0.1346E+07  0.1000E+03  0.0000E+00  0.0000E+00
     1     1     2    38     1316  0.1589E+07  0.1000E+03  0.0000E+00  0.0000E+00
     1     1     2    39     1371  0.5910E+06  0.8740E+02  0.0000E+00  0.0000E+00
     1     1     2    40     1419  0.4036E+06  0.7908E+02  0.0000E+00  0.0000E+00
     1     1     2    41     1412  0.7282E+06  0.1000E+03  0.0000E+00  0.0000E+00
     1     1     2    42     1416  0.6279E+06  0.1000E+03  0.0000E+00  0.0000E+00
     1     1     2    43     1389  0.3840E+06  0.2596E+02  0.0000E+00  0.0000E+00
     1     1     2    44     1373  0.5697E+06  0.3837E+02  0.0000E+00  0.0000E+00
     1     1     2    45     1418  0.8112E+06  0.1000E+03  0.0000E+00  0.0000E+00
     1     1     2    46     1378  0.9155E+06  0.3719E+02  0.0000E+00  0.0000E+00
     1     1     2    47     1351  0.8868E+06  0.3986E+02  0.0000E+00  0.0000E+00
     1     1     2    48     1379  0.6994E+06  0.5076E+02  0.0000E+00  0.0000E+00
     1     1     2    49     1386  0.1409E+07  0.1000E+03  0.0000E+00  0.0000E+00
     1     1     2    50     1373  0.1246E+07  0.1224E+02  0.0000E+00  0.0000E+00
     1     1     2    51     1366  0.1129E+07  0.2369E+02  0.0000E+00  0.0000E+00
     1     1     2    52     1371  0.6766E+06  0.8203E+01  0.0000E+00  0.0000E+00
     1     1     2    53     1411  0.4750E+06  0.7204E+01  0.0000E+00  0.0000E+00
